// Jest Snapshot v1, https://goo.gl/fbAQLP

exports[`when ModifyModal then snapshot created 1`] = `
<div>
  <div>
    <span
      onClick={[Function]}
    />
    <form
      action="#"
      onReset={[Function]}
      onSubmit={[Function]}
    >
      <h2>
        edit movie
      </h2>
      <label>
        movie id
        <input
          name="id"
          onBlur={[Function]}
          onChange={[Function]}
          type="text"
        />
      </label>
      <label>
        title
        <input
          name="title"
          onBlur={[Function]}
          onChange={[Function]}
          type="text"
          value=""
        />
      </label>
      <label>
        release date
        <input
          name="release_date"
          onBlur={[Function]}
          onChange={[Function]}
          type="date"
        />
      </label>
      <label>
        url
        <input
          name="poster_path"
          onBlur={[Function]}
          onChange={[Function]}
          type="text"
        />
      </label>
      <label>
        genre
        <select
          multiple={true}
          name="genres"
          onChange={[Function]}
          size="10"
          value={Array []}
        >
          <option
            label="Drama"
            value="Drama"
          />
          <option
            label="Documentary"
            value="Documentary"
          />
          <option
            label="Comedy"
            value="Comedy"
          />
          <option
            label="Horror"
            value="Horror"
          />
          <option
            label="Crime"
            value="Crime"
          />
          <option
            label="Romance"
            value="Romance"
          />
          <option
            label="Adventure"
            value="Adventure"
          />
          <option
            label="Action"
            value="Action"
          />
          <option
            label="Fantasy"
            value="Fantasy"
          />
          <option
            label="Science Fiction"
            value="Science Fiction"
          />
        </select>
      </label>
      <label>
        overview
        <input
          name="overview"
          onBlur={[Function]}
          onChange={[Function]}
          type="text"
          value=""
        />
      </label>
      <label>
        vote_average
        <input
          name="vote_average"
          onBlur={[Function]}
          onChange={[Function]}
          type="number"
        />
      </label>
      <label>
        runtime
        <input
          name="runtime"
          onBlur={[Function]}
          onChange={[Function]}
          type="text"
          value=""
        />
      </label>
      <div>
        <button>
          reset
        </button>
        <button
          type="submit"
        >
          save
        </button>
      </div>
    </form>
  </div>
  <div />
</div>
`;
